nftset=/wa.me/4#inet#fw4#vpn_domains
nftset=/whatsapp.biz/4#inet#fw4#vpn_domains
nftset=/whatsapp.cc/4#inet#fw4#vpn_domains
nftset=/whatsapp.com/4#inet#fw4#vpn_domains
nftset=/whatsapp.info/4#inet#fw4#vpn_domains
nftset=/whatsapp.net/4#inet#fw4#vpn_domains
nftset=/whatsapp.org/4#inet#fw4#vpn_domains
nftset=/whatsapp.tv/4#inet#fw4#vpn_domains
nftset=/whatsappbrand.com/4#inet#fw4#vpn_domains
nftset=/whatsapp-plus.info/4#inet#fw4#vpn_domains
nftset=/whatsapp-plus.me/4#inet#fw4#vpn_domains
nftset=/whatsapp-plus.net/4#inet#fw4#vpn_domains
nftset=/wl.co/4#inet#fw4#vpn_domains
nftset=/graph.whatsapp.com/4#inet#fw4#vpn_domains
nftset=/graph.whatsapp.net/4#inet#fw4#vpn_domains
nftset=/cdn-telegram.org/4#inet#fw4#vpn_domains
nftset=/comments.app/4#inet#fw4#vpn_domains
nftset=/contest.com/4#inet#fw4#vpn_domains
nftset=/web.whatsapp.com/4#inet#fw4#vpn_domains
nftset=/fragment.com/4#inet#fw4#vpn_domains
nftset=/graph.org/4#inet#fw4#vpn_domains
nftset=/quiz.directory/4#inet#fw4#vpn_domains
nftset=/t.me/4#inet#fw4#vpn_domains
nftset=/tdesktop.com/4#inet#fw4#vpn_domains
nftset=/telega.one/4#inet#fw4#vpn_domains
nftset=/telegra.ph/4#inet#fw4#vpn_domains
nftset=/telegram.dog/4#inet#fw4#vpn_domains
nftset=/telegram.me/4#inet#fw4#vpn_domains
nftset=/telegram.org/4#inet#fw4#vpn_domains
nftset=/telegram.space/4#inet#fw4#vpn_domains
nftset=/telegram-cdn.org/4#inet#fw4#vpn_domains
nftset=/k.telegram.org/4#inet#fw4#vpn_domains
nftset=/telesco.pe/4#inet#fw4#vpn_domains
nftset=/tg.dev/4#inet#fw4#vpn_domains
nftset=/tx.me/4#inet#fw4#vpn_domains
nftset=/usercontent.dev/4#inet#fw4#vpn_domains
nftset=/web.telegram.org/4#inet#fw4#vpn_domains
nftset=/z.telegram.org/4#inet#fw4#vpn_domains
nftset=/android.clients.google.com/4#inet#fw4#vpn_domains
nftset=/connectivitycheck.gstatic.com/4#inet#fw4#vpn_domains
nftset=/eligibility-panelresearch.googlevideo.com/4#inet#fw4#vpn_domains
nftset=/ggpht.com/4#inet#fw4#vpn_domains
nftset=/google.com/4#inet#fw4#vpn_domains
nftset=/googleapis.com/4#inet#fw4#vpn_domains
nftset=/googleusercontent.com/4#inet#fw4#vpn_domains
nftset=/googlevideo.com/4#inet#fw4#vpn_domains
nftset=/gstatic.com/4#inet#fw4#vpn_domains
nftset=/i.ytimg.com/4#inet#fw4#vpn_domains
nftset=/l.google.com/4#inet#fw4#vpn_domains
nftset=/lh3.googleusercontent.com/4#inet#fw4#vpn_domains
nftset=/m.youtube.com/4#inet#fw4#vpn_domains
nftset=/manifest.googlevideo.com/4#inet#fw4#vpn_domains
nftset=/nhacmp3youtube.com/4#inet#fw4#vpn_domains
nftset=/play.google.com/4#inet#fw4#vpn_domains
nftset=/play.googleapis.com/4#inet#fw4#vpn_domains
nftset=/s.youtube.com/4#inet#fw4#vpn_domains
nftset=/wide-youtube.l.google.com/4#inet#fw4#vpn_domains
nftset=/withyoutube.com/4#inet#fw4#vpn_domains
nftset=/www.youtube.com/4#inet#fw4#vpn_domains
nftset=/youtu.be/4#inet#fw4#vpn_domains
nftset=/youtube-nocookie.com/4#inet#fw4#vpn_domains
nftset=/youtube-ui.l.google.com/4#inet#fw4#vpn_domains
nftset=/youtube.ae/4#inet#fw4#vpn_domains
nftset=/youtube.al/4#inet#fw4#vpn_domains
nftset=/youtube.am/4#inet#fw4#vpn_domains
nftset=/youtube.at/4#inet#fw4#vpn_domains
nftset=/youtube.az/4#inet#fw4#vpn_domains
nftset=/youtube.ba/4#inet#fw4#vpn_domains
nftset=/youtube.be/4#inet#fw4#vpn_domains
nftset=/youtube.bg/4#inet#fw4#vpn_domains
nftset=/youtube.bh/4#inet#fw4#vpn_domains
nftset=/youtube.bo/4#inet#fw4#vpn_domains
nftset=/youtube.by/4#inet#fw4#vpn_domains
nftset=/youtube.ca/4#inet#fw4#vpn_domains
nftset=/youtube.cat/4#inet#fw4#vpn_domains
nftset=/youtube.ch/4#inet#fw4#vpn_domains
nftset=/youtube.cl/4#inet#fw4#vpn_domains
nftset=/youtube.co/4#inet#fw4#vpn_domains
nftset=/youtube.co.ae/4#inet#fw4#vpn_domains
nftset=/youtube.co.at/4#inet#fw4#vpn_domains
nftset=/youtube.co.cr/4#inet#fw4#vpn_domains
nftset=/youtube.co.hu/4#inet#fw4#vpn_domains
nftset=/youtube.co.id/4#inet#fw4#vpn_domains
nftset=/youtube.co.il/4#inet#fw4#vpn_domains
nftset=/youtube.co.in/4#inet#fw4#vpn_domains
nftset=/youtube.co.jp/4#inet#fw4#vpn_domains
nftset=/youtube.co.ke/4#inet#fw4#vpn_domains
nftset=/youtube.co.kr/4#inet#fw4#vpn_domains
nftset=/youtube.co.ma/4#inet#fw4#vpn_domains
nftset=/youtube.co.nz/4#inet#fw4#vpn_domains
nftset=/youtube.co.th/4#inet#fw4#vpn_domains
nftset=/youtube.co.tz/4#inet#fw4#vpn_domains
nftset=/youtube.co.ug/4#inet#fw4#vpn_domains
nftset=/youtube.co.uk/4#inet#fw4#vpn_domains
nftset=/youtube.co.ve/4#inet#fw4#vpn_domains
nftset=/youtube.co.za/4#inet#fw4#vpn_domains
nftset=/youtube.co.zw/4#inet#fw4#vpn_domains
nftset=/youtube.com/4#inet#fw4#vpn_domains
nftset=/youtube.com.ar/4#inet#fw4#vpn_domains
nftset=/youtube.com.au/4#inet#fw4#vpn_domains
nftset=/youtube.com.az/4#inet#fw4#vpn_domains
nftset=/youtube.com.bd/4#inet#fw4#vpn_domains
nftset=/youtube.com.bh/4#inet#fw4#vpn_domains
nftset=/youtube.com.bo/4#inet#fw4#vpn_domains
nftset=/youtube.com.br/4#inet#fw4#vpn_domains
nftset=/youtube.com.by/4#inet#fw4#vpn_domains
nftset=/youtube.com.co/4#inet#fw4#vpn_domains
nftset=/youtube.com.do/4#inet#fw4#vpn_domains
nftset=/youtube.com.ec/4#inet#fw4#vpn_domains
nftset=/youtube.com.ee/4#inet#fw4#vpn_domains
nftset=/youtube.com.eg/4#inet#fw4#vpn_domains
nftset=/youtube.com.es/4#inet#fw4#vpn_domains
nftset=/youtube.com.gh/4#inet#fw4#vpn_domains
nftset=/youtube.com.gr/4#inet#fw4#vpn_domains
nftset=/youtube.com.gt/4#inet#fw4#vpn_domains
nftset=/youtube.com.hk/4#inet#fw4#vpn_domains
nftset=/youtube.com.hn/4#inet#fw4#vpn_domains
nftset=/youtube.com.hr/4#inet#fw4#vpn_domains
nftset=/youtube.com.jm/4#inet#fw4#vpn_domains
nftset=/youtube.com.jo/4#inet#fw4#vpn_domains
nftset=/youtube.com.kw/4#inet#fw4#vpn_domains
nftset=/youtube.com.lb/4#inet#fw4#vpn_domains
nftset=/youtube.com.lv/4#inet#fw4#vpn_domains
nftset=/youtube.com.ly/4#inet#fw4#vpn_domains
nftset=/youtube.com.mk/4#inet#fw4#vpn_domains
nftset=/youtube.com.mt/4#inet#fw4#vpn_domains
nftset=/youtube.com.mx/4#inet#fw4#vpn_domains
nftset=/youtube.com.my/4#inet#fw4#vpn_domains
nftset=/youtube.com.ng/4#inet#fw4#vpn_domains
nftset=/youtube.com.ni/4#inet#fw4#vpn_domains
nftset=/youtube.com.om/4#inet#fw4#vpn_domains
nftset=/youtube.com.pa/4#inet#fw4#vpn_domains
nftset=/youtube.com.pe/4#inet#fw4#vpn_domains
nftset=/youtube.com.ph/4#inet#fw4#vpn_domains
nftset=/youtube.com.pk/4#inet#fw4#vpn_domains
nftset=/youtube.com.pt/4#inet#fw4#vpn_domains
nftset=/youtube.com.py/4#inet#fw4#vpn_domains
nftset=/youtube.com.qa/4#inet#fw4#vpn_domains
nftset=/youtube.com.ro/4#inet#fw4#vpn_domains
nftset=/youtube.com.sa/4#inet#fw4#vpn_domains
nftset=/youtube.com.sg/4#inet#fw4#vpn_domains
nftset=/youtube.com.sv/4#inet#fw4#vpn_domains
nftset=/youtube.com.tn/4#inet#fw4#vpn_domains
nftset=/youtube.com.tr/4#inet#fw4#vpn_domains
nftset=/youtube.com.tw/4#inet#fw4#vpn_domains
nftset=/youtube.com.ua/4#inet#fw4#vpn_domains
nftset=/youtube.com.uy/4#inet#fw4#vpn_domains
nftset=/youtube.com.ve/4#inet#fw4#vpn_domains
nftset=/youtube.cr/4#inet#fw4#vpn_domains
nftset=/youtube.cz/4#inet#fw4#vpn_domains
nftset=/youtube.de/4#inet#fw4#vpn_domains
nftset=/youtube.dk/4#inet#fw4#vpn_domains
nftset=/youtube.ee/4#inet#fw4#vpn_domains
nftset=/youtube.es/4#inet#fw4#vpn_domains
nftset=/youtube.fi/4#inet#fw4#vpn_domains
nftset=/youtube.fr/4#inet#fw4#vpn_domains
nftset=/youtube.ge/4#inet#fw4#vpn_domains
nftset=/youtube.googleapis.com/4#inet#fw4#vpn_domains
nftset=/youtube.gr/4#inet#fw4#vpn_domains
nftset=/youtube.gt/4#inet#fw4#vpn_domains
nftset=/youtube.hk/4#inet#fw4#vpn_domains
nftset=/youtube.hr/4#inet#fw4#vpn_domains
nftset=/youtube.hu/4#inet#fw4#vpn_domains
nftset=/youtube.ie/4#inet#fw4#vpn_domains
nftset=/youtube.in/4#inet#fw4#vpn_domains
nftset=/youtube.iq/4#inet#fw4#vpn_domains
nftset=/youtube.is/4#inet#fw4#vpn_domains
nftset=/youtube.it/4#inet#fw4#vpn_domains
nftset=/youtube.jo/4#inet#fw4#vpn_domains
nftset=/youtube.jp/4#inet#fw4#vpn_domains
nftset=/youtube.kr/4#inet#fw4#vpn_domains
nftset=/youtube.kz/4#inet#fw4#vpn_domains
nftset=/youtube.la/4#inet#fw4#vpn_domains
nftset=/youtube.lk/4#inet#fw4#vpn_domains
nftset=/youtube.lt/4#inet#fw4#vpn_domains
nftset=/youtube.lu/4#inet#fw4#vpn_domains
nftset=/youtube.lv/4#inet#fw4#vpn_domains
nftset=/youtube.ly/4#inet#fw4#vpn_domains
nftset=/youtube.ma/4#inet#fw4#vpn_domains
nftset=/youtube.md/4#inet#fw4#vpn_domains
nftset=/youtube.me/4#inet#fw4#vpn_domains
nftset=/youtube.mk/4#inet#fw4#vpn_domains
nftset=/youtube.mn/4#inet#fw4#vpn_domains
nftset=/youtube.mx/4#inet#fw4#vpn_domains
nftset=/youtube.my/4#inet#fw4#vpn_domains
nftset=/youtube.ng/4#inet#fw4#vpn_domains
nftset=/youtube.ni/4#inet#fw4#vpn_domains
nftset=/youtube.nl/4#inet#fw4#vpn_domains
nftset=/youtube.no/4#inet#fw4#vpn_domains
nftset=/youtube.pa/4#inet#fw4#vpn_domains
nftset=/youtube.pe/4#inet#fw4#vpn_domains
nftset=/youtube.ph/4#inet#fw4#vpn_domains
nftset=/youtube.pk/4#inet#fw4#vpn_domains
nftset=/youtube.pl/4#inet#fw4#vpn_domains
nftset=/youtube.pr/4#inet#fw4#vpn_domains
nftset=/youtube.pt/4#inet#fw4#vpn_domains
nftset=/youtube.qa/4#inet#fw4#vpn_domains
nftset=/youtube.ro/4#inet#fw4#vpn_domains
nftset=/youtube.rs/4#inet#fw4#vpn_domains
nftset=/youtube.ru/4#inet#fw4#vpn_domains
nftset=/youtube.sa/4#inet#fw4#vpn_domains
nftset=/youtube.se/4#inet#fw4#vpn_domains
nftset=/youtube.sg/4#inet#fw4#vpn_domains
nftset=/youtube.si/4#inet#fw4#vpn_domains
nftset=/youtube.sk/4#inet#fw4#vpn_domains
nftset=/youtube.sn/4#inet#fw4#vpn_domains
nftset=/youtube.soy/4#inet#fw4#vpn_domains
nftset=/youtube.sv/4#inet#fw4#vpn_domains
nftset=/youtube.tn/4#inet#fw4#vpn_domains
nftset=/youtube.tv/4#inet#fw4#vpn_domains
nftset=/youtube.ua/4#inet#fw4#vpn_domains
nftset=/youtube.ug/4#inet#fw4#vpn_domains
nftset=/youtube.uy/4#inet#fw4#vpn_domains
nftset=/youtube.vn/4#inet#fw4#vpn_domains
nftset=/youtubeeducation.com/4#inet#fw4#vpn_domains
nftset=/youtubeembeddedplayer.googleapis.com/4#inet#fw4#vpn_domains
nftset=/youtubefanfest.com/4#inet#fw4#vpn_domains
nftset=/youtubegaming.com/4#inet#fw4#vpn_domains
nftset=/youtubego.co.id/4#inet#fw4#vpn_domains
nftset=/youtubego.co.in/4#inet#fw4#vpn_domains
nftset=/youtubego.com/4#inet#fw4#vpn_domains
nftset=/youtubego.com.br/4#inet#fw4#vpn_domains
nftset=/youtubego.id/4#inet#fw4#vpn_domains
nftset=/youtubego.in/4#inet#fw4#vpn_domains
nftset=/youtubei.googleapis.com/4#inet#fw4#vpn_domains
nftset=/youtubekids.com/4#inet#fw4#vpn_domains
nftset=/youtubemobilesupport.com/4#inet#fw4#vpn_domains
nftset=/yt3.ggpht.com/4#inet#fw4#vpn_domains
nftset=/yt3.googleusercontent.com/4#inet#fw4#vpn_domains
nftset=/yt4.ggpht.com/4#inet#fw4#vpn_domains
nftset=/ytimg.com/4#inet#fw4#vpn_domains
nftset=/ytimg.l.google.com/4#inet#fw4#vpn_domains
nftset=/instagram.com/4#inet#fw4#vpn_domains
nftset=/bookstagram.com/4#inet#fw4#vpn_domains
nftset=/carstagram.com/4#inet#fw4#vpn_domains
nftset=/chickstagram.com/4#inet#fw4#vpn_domains
nftset=/facebook.net/4#inet#fw4#vpn_domains
nftset=/facebook.com/4#inet#fw4#vpn_domains
nftset=/fbcdn.net/4#inet#fw4#vpn_domains
nftset=/ig.me/4#inet#fw4#vpn_domains
nftset=/imstagram.com/4#inet#fw4#vpn_domains
nftset=/imtagram.com/4#inet#fw4#vpn_domains
nftset=/instaadder.com/4#inet#fw4#vpn_domains
nftset=/instachecker.com/4#inet#fw4#vpn_domains
nftset=/instafallow.com/4#inet#fw4#vpn_domains
nftset=/instafollower.com/4#inet#fw4#vpn_domains
nftset=/instagainer.com/4#inet#fw4#vpn_domains
nftset=/instagda.com/4#inet#fw4#vpn_domains
nftset=/instagify.com/4#inet#fw4#vpn_domains
nftset=/instagmania.com/4#inet#fw4#vpn_domains
nftset=/instagor.com/4#inet#fw4#vpn_domains
nftset=/instagram-brand.com/4#inet#fw4#vpn_domains
nftset=/instagram-engineering.com/4#inet#fw4#vpn_domains
nftset=/instagram-help.com/4#inet#fw4#vpn_domains
nftset=/instagram-press.com/4#inet#fw4#vpn_domains
nftset=/instagram-press.net/4#inet#fw4#vpn_domains
nftset=/instagramhashtags.net/4#inet#fw4#vpn_domains
nftset=/instagramhilecim.com/4#inet#fw4#vpn_domains
nftset=/instagramhilesi.org/4#inet#fw4#vpn_domains
nftset=/instagramium.com/4#inet#fw4#vpn_domains
nftset=/instagramizlenme.com/4#inet#fw4#vpn_domains
nftset=/instagramkusu.com/4#inet#fw4#vpn_domains
nftset=/instagramlogin.com/4#inet#fw4#vpn_domains
nftset=/instagrampartners.com/4#inet#fw4#vpn_domains
nftset=/instagramphoto.com/4#inet#fw4#vpn_domains
nftset=/instagramq.com/4#inet#fw4#vpn_domains
nftset=/instagramsepeti.com/4#inet#fw4#vpn_domains
nftset=/instagramtips.com/4#inet#fw4#vpn_domains
nftset=/instagramtr.com/4#inet#fw4#vpn_domains
nftset=/instagy.com/4#inet#fw4#vpn_domains
nftset=/instamgram.com/4#inet#fw4#vpn_domains
nftset=/instanttelegram.com/4#inet#fw4#vpn_domains
nftset=/instaplayer.net/4#inet#fw4#vpn_domains
nftset=/instastyle.tv/4#inet#fw4#vpn_domains
nftset=/instgram.com/4#inet#fw4#vpn_domains
nftset=/oninstagram.com/4#inet#fw4#vpn_domains
nftset=/online-instagram.com/4#inet#fw4#vpn_domains
nftset=/onlineinstagram.com/4#inet#fw4#vpn_domains
nftset=/cdninstagram.com/4#inet#fw4#vpn_domains
nftset=/web-instagram.net/4#inet#fw4#vpn_domains
nftset=/wwwinstagram.com/4#inet#fw4#vpn_domains
