nftset=/graph.whatsapp.com/4#inet#fw4#vpn_domains
nftset=/graph.whatsapp.net/4#inet#fw4#vpn_domains
nftset=/wa.me/4#inet#fw4#vpn_domains
nftset=/whatsapp-plus.info/4#inet#fw4#vpn_domains
nftset=/whatsapp-plus.me/4#inet#fw4#vpn_domains
nftset=/whatsapp-plus.net/4#inet#fw4#vpn_domains
nftset=/whatsapp.cc/4#inet#fw4#vpn_domains
nftset=/whatsapp.com/4#inet#fw4#vpn_domains
nftset=/whatsapp.info/4#inet#fw4#vpn_domains
nftset=/whatsapp.net/4#inet#fw4#vpn_domains
nftset=/whatsapp.org/4#inet#fw4#vpn_domains
nftset=/whatsapp.tv/4#inet#fw4#vpn_domains
nftset=/whatsappbrand.com/4#inet#fw4#vpn_domains
nftset=/aboutfacebook.com/4#inet#fw4#vpn_domains
nftset=/accessfacebookfromschool.com/4#inet#fw4#vpn_domains
nftset=/acebooik.com/4#inet#fw4#vpn_domains
nftset=/acebook.com/4#inet#fw4#vpn_domains
nftset=/advancediddetection.com/4#inet#fw4#vpn_domains
nftset=/akamaihd.net/4#inet#fw4#vpn_domains
nftset=/askfacebook.net/4#inet#fw4#vpn_domains
nftset=/askfacebook.org/4#inet#fw4#vpn_domains
nftset=/atdmt2.com/4#inet#fw4#vpn_domains
nftset=/atlasdmt.com/4#inet#fw4#vpn_domains
nftset=/atlasonepoint.com/4#inet#fw4#vpn_domains
nftset=/buyingfacebooklikes.com/4#inet#fw4#vpn_domains
nftset=/careersatfb.com/4#inet#fw4#vpn_domains
nftset=/cdninstagram.com/4#inet#fw4#vpn_domains
nftset=/celebgramme.com/4#inet#fw4#vpn_domains
nftset=/china-facebook.com/4#inet#fw4#vpn_domains
nftset=/click-url.com/4#inet#fw4#vpn_domains
nftset=/como-hackearfacebook.com/4#inet#fw4#vpn_domains
nftset=/crowdtangle.com/4#inet#fw4#vpn_domains
nftset=/dacebook.com/4#inet#fw4#vpn_domains
nftset=/dlfacebook.com/4#inet#fw4#vpn_domains
nftset=/dotfacebook.com/4#inet#fw4#vpn_domains
nftset=/dotfacebook.net/4#inet#fw4#vpn_domains
nftset=/expresswifi.com/4#inet#fw4#vpn_domains
nftset=/faacebok.com/4#inet#fw4#vpn_domains
nftset=/faacebook.com/4#inet#fw4#vpn_domains
nftset=/faasbook.com/4#inet#fw4#vpn_domains
nftset=/facbebook.com/4#inet#fw4#vpn_domains
nftset=/facbeok.com/4#inet#fw4#vpn_domains
nftset=/facboo.com/4#inet#fw4#vpn_domains
nftset=/facbook.com/4#inet#fw4#vpn_domains
nftset=/facbool.com/4#inet#fw4#vpn_domains
nftset=/facboox.com/4#inet#fw4#vpn_domains
nftset=/faccebook.com/4#inet#fw4#vpn_domains
nftset=/faccebookk.com/4#inet#fw4#vpn_domains
nftset=/facdbook.com/4#inet#fw4#vpn_domains
nftset=/facdebook.com/4#inet#fw4#vpn_domains
nftset=/face-book.com/4#inet#fw4#vpn_domains
nftset=/faceabook.com/4#inet#fw4#vpn_domains
nftset=/facebboc.com/4#inet#fw4#vpn_domains
nftset=/facebbook.com/4#inet#fw4#vpn_domains
nftset=/facebboook.com/4#inet#fw4#vpn_domains
nftset=/facebcook.com/4#inet#fw4#vpn_domains
nftset=/facebdok.com/4#inet#fw4#vpn_domains
nftset=/facebgook.com/4#inet#fw4#vpn_domains
nftset=/facebhook.com/4#inet#fw4#vpn_domains
nftset=/facebkkk.com/4#inet#fw4#vpn_domains
nftset=/facebo-ok.com/4#inet#fw4#vpn_domains
nftset=/faceboak.com/4#inet#fw4#vpn_domains
nftset=/facebock.com/4#inet#fw4#vpn_domains
nftset=/facebocke.com/4#inet#fw4#vpn_domains
nftset=/facebof.com/4#inet#fw4#vpn_domains
nftset=/faceboik.com/4#inet#fw4#vpn_domains
nftset=/facebok.com/4#inet#fw4#vpn_domains
nftset=/facebokbook.com/4#inet#fw4#vpn_domains
nftset=/facebokc.com/4#inet#fw4#vpn_domains
nftset=/facebokk.com/4#inet#fw4#vpn_domains
nftset=/facebokok.com/4#inet#fw4#vpn_domains
nftset=/faceboks.com/4#inet#fw4#vpn_domains
nftset=/facebol.com/4#inet#fw4#vpn_domains
nftset=/facebolk.com/4#inet#fw4#vpn_domains
nftset=/facebomok.com/4#inet#fw4#vpn_domains
nftset=/faceboo.com/4#inet#fw4#vpn_domains
nftset=/facebooa.com/4#inet#fw4#vpn_domains
nftset=/faceboob.com/4#inet#fw4#vpn_domains
nftset=/faceboobok.com/4#inet#fw4#vpn_domains
nftset=/facebooc.com/4#inet#fw4#vpn_domains
nftset=/faceboock.com/4#inet#fw4#vpn_domains
nftset=/facebood.com/4#inet#fw4#vpn_domains
nftset=/facebooe.com/4#inet#fw4#vpn_domains
nftset=/faceboof.com/4#inet#fw4#vpn_domains
nftset=/facebooi.com/4#inet#fw4#vpn_domains
nftset=/facebooik.com/4#inet#fw4#vpn_domains
nftset=/facebooik.org/4#inet#fw4#vpn_domains
nftset=/facebooj.com/4#inet#fw4#vpn_domains
nftset=/facebook-corp.com/4#inet#fw4#vpn_domains
nftset=/facebook-covid-19.com/4#inet#fw4#vpn_domains
nftset=/facebook-ebook.com/4#inet#fw4#vpn_domains
nftset=/facebook-forum.com/4#inet#fw4#vpn_domains
nftset=/facebook-hardware.com/4#inet#fw4#vpn_domains
nftset=/facebook-inc.com/4#inet#fw4#vpn_domains
nftset=/facebook-login.com/4#inet#fw4#vpn_domains
nftset=/facebook-newsroom.com/4#inet#fw4#vpn_domains
nftset=/facebook-newsroom.org/4#inet#fw4#vpn_domains
nftset=/facebook-pmdcenter.com/4#inet#fw4#vpn_domains
nftset=/facebook-pmdcenter.net/4#inet#fw4#vpn_domains
nftset=/facebook-pmdcenter.org/4#inet#fw4#vpn_domains
nftset=/facebook-privacy.com/4#inet#fw4#vpn_domains
nftset=/facebook-program.com/4#inet#fw4#vpn_domains
nftset=/facebook-studio.com/4#inet#fw4#vpn_domains
nftset=/facebook-support.org/4#inet#fw4#vpn_domains
nftset=/facebook-texas-holdem.com/4#inet#fw4#vpn_domains
nftset=/facebook-texas-holdem.net/4#inet#fw4#vpn_domains
nftset=/facebook.br/4#inet#fw4#vpn_domains
nftset=/facebook.ca/4#inet#fw4#vpn_domains
nftset=/facebook.cc/4#inet#fw4#vpn_domains
nftset=/facebook.com/4#inet#fw4#vpn_domains
nftset=/facebook.design/4#inet#fw4#vpn_domains
nftset=/facebook.hu/4#inet#fw4#vpn_domains
nftset=/facebook.in/4#inet#fw4#vpn_domains
nftset=/facebook.net/4#inet#fw4#vpn_domains
nftset=/facebook.nl/4#inet#fw4#vpn_domains
nftset=/facebook.org/4#inet#fw4#vpn_domains
nftset=/facebook.se/4#inet#fw4#vpn_domains
nftset=/facebook.shop/4#inet#fw4#vpn_domains
nftset=/facebook.tv/4#inet#fw4#vpn_domains
nftset=/facebook.us/4#inet#fw4#vpn_domains
nftset=/facebook.wang/4#inet#fw4#vpn_domains
nftset=/facebook123.org/4#inet#fw4#vpn_domains
nftset=/facebook30.com/4#inet#fw4#vpn_domains
nftset=/facebook30.net/4#inet#fw4#vpn_domains
nftset=/facebook30.org/4#inet#fw4#vpn_domains
nftset=/facebook4business.com/4#inet#fw4#vpn_domains
nftset=/facebookads.com/4#inet#fw4#vpn_domains
nftset=/facebookadvertisingsecrets.com/4#inet#fw4#vpn_domains
nftset=/facebookatschool.com/4#inet#fw4#vpn_domains
nftset=/facebookawards.com/4#inet#fw4#vpn_domains
nftset=/facebookblueprint.net/4#inet#fw4#vpn_domains
nftset=/facebookbrand.com/4#inet#fw4#vpn_domains
nftset=/facebookbrand.net/4#inet#fw4#vpn_domains
nftset=/facebookcanadianelectionintegrityinitiative.com/4#inet#fw4#vpn_domains
nftset=/facebookcareer.com/4#inet#fw4#vpn_domains
nftset=/facebookcheats.com/4#inet#fw4#vpn_domains
nftset=/facebookck.com/4#inet#fw4#vpn_domains
nftset=/facebookclub.com/4#inet#fw4#vpn_domains
nftset=/facebookcom.com/4#inet#fw4#vpn_domains
nftset=/facebookconsultant.org/4#inet#fw4#vpn_domains
nftset=/facebookcoronavirus.com/4#inet#fw4#vpn_domains
nftset=/facebookcovers.org/4#inet#fw4#vpn_domains
nftset=/facebookcredits.info/4#inet#fw4#vpn_domains
nftset=/facebookdating.net/4#inet#fw4#vpn_domains
nftset=/facebookdusexe.org/4#inet#fw4#vpn_domains
nftset=/facebookemail.com/4#inet#fw4#vpn_domains
nftset=/facebookenespanol.com/4#inet#fw4#vpn_domains
nftset=/facebookexchange.com/4#inet#fw4#vpn_domains
nftset=/facebookexchange.net/4#inet#fw4#vpn_domains
nftset=/facebookfacebook.com/4#inet#fw4#vpn_domains
nftset=/facebookflow.com/4#inet#fw4#vpn_domains
nftset=/facebookgames.com/4#inet#fw4#vpn_domains
nftset=/facebookgraphsearch.com/4#inet#fw4#vpn_domains
nftset=/facebookgraphsearch.info/4#inet#fw4#vpn_domains
nftset=/facebookgroups.com/4#inet#fw4#vpn_domains
nftset=/facebookhome.cc/4#inet#fw4#vpn_domains
nftset=/facebookhome.com/4#inet#fw4#vpn_domains
nftset=/facebookhome.info/4#inet#fw4#vpn_domains
nftset=/facebookhub.com/4#inet#fw4#vpn_domains
nftset=/facebooki.com/4#inet#fw4#vpn_domains
nftset=/facebookinc.com/4#inet#fw4#vpn_domains
nftset=/facebookland.com/4#inet#fw4#vpn_domains
nftset=/facebooklikeexchange.com/4#inet#fw4#vpn_domains
nftset=/facebooklive.com/4#inet#fw4#vpn_domains
nftset=/facebooklivestaging.net/4#inet#fw4#vpn_domains
nftset=/facebooklivestaging.org/4#inet#fw4#vpn_domains
nftset=/facebooklogin.com/4#inet#fw4#vpn_domains
nftset=/facebooklogin.info/4#inet#fw4#vpn_domains
nftset=/facebookloginhelp.net/4#inet#fw4#vpn_domains
nftset=/facebooklogs.com/4#inet#fw4#vpn_domains
nftset=/facebookmail.com/4#inet#fw4#vpn_domains
nftset=/facebookmail.tv/4#inet#fw4#vpn_domains
nftset=/facebookmanager.info/4#inet#fw4#vpn_domains
nftset=/facebookmarketing.info/4#inet#fw4#vpn_domains
nftset=/facebookmarketingpartner.com/4#inet#fw4#vpn_domains
nftset=/facebookmarketingpartners.com/4#inet#fw4#vpn_domains
nftset=/facebookmobile.com/4#inet#fw4#vpn_domains
nftset=/facebookmsn.com/4#inet#fw4#vpn_domains
nftset=/facebooknews.com/4#inet#fw4#vpn_domains
nftset=/facebooknfl.com/4#inet#fw4#vpn_domains
nftset=/facebooknude.com/4#inet#fw4#vpn_domains
nftset=/facebookofsex.com/4#inet#fw4#vpn_domains
nftset=/facebookook.com/4#inet#fw4#vpn_domains
nftset=/facebookpaper.com/4#inet#fw4#vpn_domains
nftset=/facebookpay.com/4#inet#fw4#vpn_domains
nftset=/facebookphonenumber.net/4#inet#fw4#vpn_domains
nftset=/facebookphoto.com/4#inet#fw4#vpn_domains
nftset=/facebookphotos.com/4#inet#fw4#vpn_domains
nftset=/facebookpmdcenter.com/4#inet#fw4#vpn_domains
nftset=/facebookpoke.net/4#inet#fw4#vpn_domains
nftset=/facebookpoke.org/4#inet#fw4#vpn_domains
nftset=/facebookpoker.info/4#inet#fw4#vpn_domains
nftset=/facebookpokerchips.info/4#inet#fw4#vpn_domains
nftset=/facebookporn.net/4#inet#fw4#vpn_domains
nftset=/facebookporn.org/4#inet#fw4#vpn_domains
nftset=/facebookporno.net/4#inet#fw4#vpn_domains
nftset=/facebookportal.com/4#inet#fw4#vpn_domains
nftset=/facebooks.com/4#inet#fw4#vpn_domains
nftset=/facebooksafety.com/4#inet#fw4#vpn_domains
nftset=/facebooksecurity.net/4#inet#fw4#vpn_domains
nftset=/facebookshop.com/4#inet#fw4#vpn_domains
nftset=/facebooksignup.net/4#inet#fw4#vpn_domains
nftset=/facebooksite.net/4#inet#fw4#vpn_domains
nftset=/facebookstories.com/4#inet#fw4#vpn_domains
nftset=/facebookstudios.net/4#inet#fw4#vpn_domains
nftset=/facebookstudios.org/4#inet#fw4#vpn_domains
nftset=/facebooksupplier.com/4#inet#fw4#vpn_domains
nftset=/facebooksuppliers.com/4#inet#fw4#vpn_domains
nftset=/facebookswagemea.com/4#inet#fw4#vpn_domains
nftset=/facebookswagstore.com/4#inet#fw4#vpn_domains
nftset=/facebooksz.com/4#inet#fw4#vpn_domains
nftset=/facebookthreads.net/4#inet#fw4#vpn_domains
nftset=/facebooktv.net/4#inet#fw4#vpn_domains
nftset=/facebooktv.org/4#inet#fw4#vpn_domains
nftset=/facebookvacation.com/4#inet#fw4#vpn_domains
nftset=/facebookw.com/4#inet#fw4#vpn_domains
nftset=/facebookwork.com/4#inet#fw4#vpn_domains
nftset=/facebookworld.com/4#inet#fw4#vpn_domains
nftset=/facebool.com/4#inet#fw4#vpn_domains
nftset=/facebool.info/4#inet#fw4#vpn_domains
nftset=/facebooll.com/4#inet#fw4#vpn_domains
nftset=/faceboom.com/4#inet#fw4#vpn_domains
nftset=/faceboon.com/4#inet#fw4#vpn_domains
nftset=/faceboonk.com/4#inet#fw4#vpn_domains
nftset=/faceboooik.com/4#inet#fw4#vpn_domains
nftset=/faceboook.com/4#inet#fw4#vpn_domains
nftset=/faceboop.com/4#inet#fw4#vpn_domains
nftset=/faceboot.com/4#inet#fw4#vpn_domains
nftset=/faceboox.com/4#inet#fw4#vpn_domains
nftset=/facebopk.com/4#inet#fw4#vpn_domains
nftset=/facebpook.com/4#inet#fw4#vpn_domains
nftset=/facebuk.com/4#inet#fw4#vpn_domains
nftset=/facebuok.com/4#inet#fw4#vpn_domains
nftset=/facebvook.com/4#inet#fw4#vpn_domains
nftset=/facebyook.com/4#inet#fw4#vpn_domains
nftset=/facebzook.com/4#inet#fw4#vpn_domains
nftset=/facecbgook.com/4#inet#fw4#vpn_domains
nftset=/facecbook.com/4#inet#fw4#vpn_domains
nftset=/facecbook.org/4#inet#fw4#vpn_domains
nftset=/facecook.com/4#inet#fw4#vpn_domains
nftset=/facecook.org/4#inet#fw4#vpn_domains
nftset=/facedbook.com/4#inet#fw4#vpn_domains
nftset=/faceebok.com/4#inet#fw4#vpn_domains
nftset=/faceebook.com/4#inet#fw4#vpn_domains
nftset=/faceebot.com/4#inet#fw4#vpn_domains
nftset=/facegbok.com/4#inet#fw4#vpn_domains
nftset=/facegbook.com/4#inet#fw4#vpn_domains
nftset=/faceobk.com/4#inet#fw4#vpn_domains
nftset=/faceobok.com/4#inet#fw4#vpn_domains
nftset=/faceobook.com/4#inet#fw4#vpn_domains
nftset=/faceook.com/4#inet#fw4#vpn_domains
nftset=/facerbooik.com/4#inet#fw4#vpn_domains
nftset=/facerbook.com/4#inet#fw4#vpn_domains
nftset=/facesbooc.com/4#inet#fw4#vpn_domains
nftset=/facesounds.com/4#inet#fw4#vpn_domains
nftset=/facetook.com/4#inet#fw4#vpn_domains
nftset=/facevbook.com/4#inet#fw4#vpn_domains
nftset=/facewbook.co/4#inet#fw4#vpn_domains
nftset=/facewook.com/4#inet#fw4#vpn_domains
nftset=/facfacebook.com/4#inet#fw4#vpn_domains
nftset=/facfebook.com/4#inet#fw4#vpn_domains
nftset=/fackebook.com/4#inet#fw4#vpn_domains
nftset=/facnbook.com/4#inet#fw4#vpn_domains
nftset=/facrbook.com/4#inet#fw4#vpn_domains
nftset=/facvebook.com/4#inet#fw4#vpn_domains
nftset=/facwebook.com/4#inet#fw4#vpn_domains
nftset=/facxebook.com/4#inet#fw4#vpn_domains
nftset=/fadebook.com/4#inet#fw4#vpn_domains
nftset=/faebok.com/4#inet#fw4#vpn_domains
nftset=/faebook.com/4#inet#fw4#vpn_domains
nftset=/faebookc.com/4#inet#fw4#vpn_domains
nftset=/faeboook.com/4#inet#fw4#vpn_domains
nftset=/faecebok.com/4#inet#fw4#vpn_domains
nftset=/faesebook.com/4#inet#fw4#vpn_domains
nftset=/fafacebook.com/4#inet#fw4#vpn_domains
nftset=/faicbooc.com/4#inet#fw4#vpn_domains
nftset=/fasebokk.com/4#inet#fw4#vpn_domains
nftset=/fasebook.com/4#inet#fw4#vpn_domains
nftset=/faseboox.com/4#inet#fw4#vpn_domains
nftset=/favebook.com/4#inet#fw4#vpn_domains
nftset=/faycbok.com/4#inet#fw4#vpn_domains
nftset=/fb.careers/4#inet#fw4#vpn_domains
nftset=/fb.com/4#inet#fw4#vpn_domains
nftset=/fb.gg/4#inet#fw4#vpn_domains
nftset=/fb.me/4#inet#fw4#vpn_domains
nftset=/fb.watch/4#inet#fw4#vpn_domains
nftset=/fbacebook.com/4#inet#fw4#vpn_domains
nftset=/fbbmarket.com/4#inet#fw4#vpn_domains
nftset=/fbboostyourbusiness.com/4#inet#fw4#vpn_domains
nftset=/fbcdn-a.akamaihd.net/4#inet#fw4#vpn_domains
nftset=/fbcdn.com/4#inet#fw4#vpn_domains
nftset=/fbcdn.net/4#inet#fw4#vpn_domains
nftset=/fbfeedback.com/4#inet#fw4#vpn_domains
nftset=/fbhome.com/4#inet#fw4#vpn_domains
nftset=/fbidb.io/4#inet#fw4#vpn_domains
nftset=/fbinc.com/4#inet#fw4#vpn_domains
nftset=/fbinnovation.com/4#inet#fw4#vpn_domains
nftset=/fbmarketing.com/4#inet#fw4#vpn_domains
nftset=/fbreg.com/4#inet#fw4#vpn_domains
nftset=/fbrpms.com/4#inet#fw4#vpn_domains
nftset=/fbsbx.com/4#inet#fw4#vpn_domains
nftset=/fbsbx.net/4#inet#fw4#vpn_domains
nftset=/fbsupport-covid.net/4#inet#fw4#vpn_domains
nftset=/fbthirdpartypixel.com/4#inet#fw4#vpn_domains
nftset=/fbthirdpartypixel.net/4#inet#fw4#vpn_domains
nftset=/fbthirdpartypixel.org/4#inet#fw4#vpn_domains
nftset=/fburl.com/4#inet#fw4#vpn_domains
nftset=/fbwat.ch/4#inet#fw4#vpn_domains
nftset=/fbworkmail.com/4#inet#fw4#vpn_domains
nftset=/fcacebook.com/4#inet#fw4#vpn_domains
nftset=/fcaebook.com/4#inet#fw4#vpn_domains
nftset=/fcebook.com/4#inet#fw4#vpn_domains
nftset=/fcebookk.com/4#inet#fw4#vpn_domains
nftset=/fcfacebook.com/4#inet#fw4#vpn_domains
nftset=/fdacebook.info/4#inet#fw4#vpn_domains
nftset=/feacboo.com/4#inet#fw4#vpn_domains
nftset=/feacbook.com/4#inet#fw4#vpn_domains
nftset=/feacbooke.com/4#inet#fw4#vpn_domains
nftset=/feacebook.com/4#inet#fw4#vpn_domains
nftset=/fecbbok.com/4#inet#fw4#vpn_domains
nftset=/fecbooc.com/4#inet#fw4#vpn_domains
nftset=/fecbook.com/4#inet#fw4#vpn_domains
nftset=/feceboock.com/4#inet#fw4#vpn_domains
nftset=/fecebook.net/4#inet#fw4#vpn_domains
nftset=/feceboox.com/4#inet#fw4#vpn_domains
nftset=/fececbook.com/4#inet#fw4#vpn_domains
nftset=/feook.com/4#inet#fw4#vpn_domains
nftset=/ferabook.com/4#inet#fw4#vpn_domains
nftset=/fescebook.com/4#inet#fw4#vpn_domains
nftset=/fesebook.com/4#inet#fw4#vpn_domains
nftset=/ffacebook.com/4#inet#fw4#vpn_domains
nftset=/fgacebook.com/4#inet#fw4#vpn_domains
nftset=/ficeboock.com/4#inet#fw4#vpn_domains
nftset=/fmcebook.com/4#inet#fw4#vpn_domains
nftset=/fnacebook.com/4#inet#fw4#vpn_domains
nftset=/fosebook.com/4#inet#fw4#vpn_domains
nftset=/fpacebook.com/4#inet#fw4#vpn_domains
nftset=/fqcebook.com/4#inet#fw4#vpn_domains
nftset=/fracebook.com/4#inet#fw4#vpn_domains
nftset=/freeb.com/4#inet#fw4#vpn_domains
nftset=/freebasics.com/4#inet#fw4#vpn_domains
nftset=/freebasics.net/4#inet#fw4#vpn_domains
nftset=/freebs.com/4#inet#fw4#vpn_domains
nftset=/freefacebook.com/4#inet#fw4#vpn_domains
nftset=/freefacebook.net/4#inet#fw4#vpn_domains
nftset=/freefacebookads.net/4#inet#fw4#vpn_domains
nftset=/freefblikes.com/4#inet#fw4#vpn_domains
nftset=/freindfeed.com/4#inet#fw4#vpn_domains
nftset=/friendbook.info/4#inet#fw4#vpn_domains
nftset=/friendfed.com/4#inet#fw4#vpn_domains
nftset=/friendfeed-api.com/4#inet#fw4#vpn_domains
nftset=/friendfeed-media.com/4#inet#fw4#vpn_domains
nftset=/friendfeed.com/4#inet#fw4#vpn_domains
nftset=/friendfeedmedia.com/4#inet#fw4#vpn_domains
nftset=/fsacebok.com/4#inet#fw4#vpn_domains
nftset=/fscebook.com/4#inet#fw4#vpn_domains
nftset=/fundraisingwithfacebook.com/4#inet#fw4#vpn_domains
nftset=/funnyfacebook.org/4#inet#fw4#vpn_domains
nftset=/futureofbusinesssurvey.org/4#inet#fw4#vpn_domains
nftset=/gacebook.com/4#inet#fw4#vpn_domains
nftset=/gameroom.com/4#inet#fw4#vpn_domains
nftset=/gfacecbook.com/4#inet#fw4#vpn_domains
nftset=/graph-fallback.instagram.com/4#inet#fw4#vpn_domains
nftset=/graph.instagram.com/4#inet#fw4#vpn_domains
nftset=/groups.com/4#inet#fw4#vpn_domains
nftset=/hackerfacebook.com/4#inet#fw4#vpn_domains
nftset=/hackfacebook.com/4#inet#fw4#vpn_domains
nftset=/hackfacebookid.com/4#inet#fw4#vpn_domains
nftset=/hifacebook.info/4#inet#fw4#vpn_domains
nftset=/howtohackfacebook-account.com/4#inet#fw4#vpn_domains
nftset=/hsfacebook.com/4#inet#fw4#vpn_domains
nftset=/httpfacebook.com/4#inet#fw4#vpn_domains
nftset=/httpsfacebook.com/4#inet#fw4#vpn_domains
nftset=/httpwwwfacebook.com/4#inet#fw4#vpn_domains
nftset=/i.org/4#inet#fw4#vpn_domains
nftset=/instagram.com/4#inet#fw4#vpn_domains
nftset=/instagramstatic.com/4#inet#fw4#vpn_domains
nftset=/internet.org/4#inet#fw4#vpn_domains
nftset=/klik.me/4#inet#fw4#vpn_domains
nftset=/liverail.com/4#inet#fw4#vpn_domains
nftset=/liverail.tv/4#inet#fw4#vpn_domains
nftset=/login-account.net/4#inet#fw4#vpn_domains
nftset=/markzuckerberg.com/4#inet#fw4#vpn_domains
nftset=/midentsolutions.com/4#inet#fw4#vpn_domains
nftset=/mobilefacebook.com/4#inet#fw4#vpn_domains
nftset=/moneywithfacebook.com/4#inet#fw4#vpn_domains
nftset=/myfbfans.com/4#inet#fw4#vpn_domains
nftset=/newsfeed.com/4#inet#fw4#vpn_domains
nftset=/nextstop.com/4#inet#fw4#vpn_domains
nftset=/online-deals.net/4#inet#fw4#vpn_domains
nftset=/opencreate.org/4#inet#fw4#vpn_domains
nftset=/reachtheworldonfacebook.com/4#inet#fw4#vpn_domains
nftset=/redkix.com/4#inet#fw4#vpn_domains
nftset=/rocksdb.org/4#inet#fw4#vpn_domains
nftset=/shopfacebook.com/4#inet#fw4#vpn_domains
nftset=/sportsfacebook.com/4#inet#fw4#vpn_domains
nftset=/sportstream.com/4#inet#fw4#vpn_domains
nftset=/supportfacebook.com/4#inet#fw4#vpn_domains
nftset=/terragraph.com/4#inet#fw4#vpn_domains
nftset=/thefacebook.com/4#inet#fw4#vpn_domains
nftset=/thefacebook.net/4#inet#fw4#vpn_domains
nftset=/thefind.com/4#inet#fw4#vpn_domains
nftset=/toplayerserver.com/4#inet#fw4#vpn_domains
nftset=/viewpointsfromfacebook.com/4#inet#fw4#vpn_domains
nftset=/whyfacebook.com/4#inet#fw4#vpn_domains
nftset=/workplace.com/4#inet#fw4#vpn_domains
nftset=/workplaceusecases.com/4#inet#fw4#vpn_domains
nftset=/worldhack.com/4#inet#fw4#vpn_domains
nftset=/www-facebook.com/4#inet#fw4#vpn_domains
nftset=/wwwfacebok.com/4#inet#fw4#vpn_domains
nftset=/wwwfacebook.com/4#inet#fw4#vpn_domains
nftset=/wwwmfacebook.com/4#inet#fw4#vpn_domains
nftset=/zuckerberg.com/4#inet#fw4#vpn_domains
nftset=/zuckerberg.net/4#inet#fw4#vpn_domains
nftset=/cdn-telegram.org/4#inet#fw4#vpn_domains
nftset=/comments.app/4#inet#fw4#vpn_domains
nftset=/contest.com/4#inet#fw4#vpn_domains
nftset=/fragment.com/4#inet#fw4#vpn_domains
nftset=/graph.org/4#inet#fw4#vpn_domains
nftset=/k.telegram.org/4#inet#fw4#vpn_domains
nftset=/quiz.directory/4#inet#fw4#vpn_domains
nftset=/t.me/4#inet#fw4#vpn_domains
nftset=/tdesktop.com/4#inet#fw4#vpn_domains
nftset=/telega.one/4#inet#fw4#vpn_domains
nftset=/telegra.ph/4#inet#fw4#vpn_domains
nftset=/telegram-cdn.org/4#inet#fw4#vpn_domains
nftset=/telegram.dog/4#inet#fw4#vpn_domains
nftset=/telegram.me/4#inet#fw4#vpn_domains
nftset=/telegram.org/4#inet#fw4#vpn_domains
nftset=/telegram.space/4#inet#fw4#vpn_domains
nftset=/telesco.pe/4#inet#fw4#vpn_domains
nftset=/tg.dev/4#inet#fw4#vpn_domains
nftset=/tx.me/4#inet#fw4#vpn_domains
nftset=/usercontent.dev/4#inet#fw4#vpn_domains
nftset=/web.telegram.org/4#inet#fw4#vpn_domains
nftset=/z.telegram.org/4#inet#fw4#vpn_domains
nftset=/android.clients.google.com/4#inet#fw4#vpn_domains
nftset=/connectivitycheck.gstatic.com/4#inet#fw4#vpn_domains
nftset=/eligibility-panelresearch.googlevideo.com/4#inet#fw4#vpn_domains
nftset=/ggpht.com/4#inet#fw4#vpn_domains
nftset=/google.com/4#inet#fw4#vpn_domains
nftset=/googleapis.com/4#inet#fw4#vpn_domains
nftset=/googleusercontent.com/4#inet#fw4#vpn_domains
nftset=/googlevideo.com/4#inet#fw4#vpn_domains
nftset=/gstatic.com/4#inet#fw4#vpn_domains
nftset=/i.ytimg.com/4#inet#fw4#vpn_domains
nftset=/l.google.com/4#inet#fw4#vpn_domains
nftset=/lh3.googleusercontent.com/4#inet#fw4#vpn_domains
nftset=/m.youtube.com/4#inet#fw4#vpn_domains
nftset=/manifest.googlevideo.com/4#inet#fw4#vpn_domains
nftset=/nhacmp3youtube.com/4#inet#fw4#vpn_domains
nftset=/play.google.com/4#inet#fw4#vpn_domains
nftset=/play.googleapis.com/4#inet#fw4#vpn_domains
nftset=/s.youtube.com/4#inet#fw4#vpn_domains
nftset=/wide-youtube.l.google.com/4#inet#fw4#vpn_domains
nftset=/withyoutube.com/4#inet#fw4#vpn_domains
nftset=/www.youtube.com/4#inet#fw4#vpn_domains
nftset=/youtu.be/4#inet#fw4#vpn_domains
nftset=/youtube-nocookie.com/4#inet#fw4#vpn_domains
nftset=/youtube-ui.l.google.com/4#inet#fw4#vpn_domains
nftset=/youtube.ae/4#inet#fw4#vpn_domains
nftset=/youtube.al/4#inet#fw4#vpn_domains
nftset=/youtube.am/4#inet#fw4#vpn_domains
nftset=/youtube.at/4#inet#fw4#vpn_domains
nftset=/youtube.az/4#inet#fw4#vpn_domains
nftset=/youtube.ba/4#inet#fw4#vpn_domains
nftset=/youtube.be/4#inet#fw4#vpn_domains
nftset=/youtube.bg/4#inet#fw4#vpn_domains
nftset=/youtube.bh/4#inet#fw4#vpn_domains
nftset=/youtube.bo/4#inet#fw4#vpn_domains
nftset=/youtube.by/4#inet#fw4#vpn_domains
nftset=/youtube.ca/4#inet#fw4#vpn_domains
nftset=/youtube.cat/4#inet#fw4#vpn_domains
nftset=/youtube.ch/4#inet#fw4#vpn_domains
nftset=/youtube.cl/4#inet#fw4#vpn_domains
nftset=/youtube.co/4#inet#fw4#vpn_domains
nftset=/youtube.co.ae/4#inet#fw4#vpn_domains
nftset=/youtube.co.at/4#inet#fw4#vpn_domains
nftset=/youtube.co.cr/4#inet#fw4#vpn_domains
nftset=/youtube.co.hu/4#inet#fw4#vpn_domains
nftset=/youtube.co.id/4#inet#fw4#vpn_domains
nftset=/youtube.co.il/4#inet#fw4#vpn_domains
nftset=/youtube.co.in/4#inet#fw4#vpn_domains
nftset=/youtube.co.jp/4#inet#fw4#vpn_domains
nftset=/youtube.co.ke/4#inet#fw4#vpn_domains
nftset=/youtube.co.kr/4#inet#fw4#vpn_domains
nftset=/youtube.co.ma/4#inet#fw4#vpn_domains
nftset=/youtube.co.nz/4#inet#fw4#vpn_domains
nftset=/youtube.co.th/4#inet#fw4#vpn_domains
nftset=/youtube.co.tz/4#inet#fw4#vpn_domains
nftset=/youtube.co.ug/4#inet#fw4#vpn_domains
nftset=/youtube.co.uk/4#inet#fw4#vpn_domains
nftset=/youtube.co.ve/4#inet#fw4#vpn_domains
nftset=/youtube.co.za/4#inet#fw4#vpn_domains
nftset=/youtube.co.zw/4#inet#fw4#vpn_domains
nftset=/youtube.com/4#inet#fw4#vpn_domains
nftset=/youtube.com.ar/4#inet#fw4#vpn_domains
nftset=/youtube.com.au/4#inet#fw4#vpn_domains
nftset=/youtube.com.az/4#inet#fw4#vpn_domains
nftset=/youtube.com.bd/4#inet#fw4#vpn_domains
nftset=/youtube.com.bh/4#inet#fw4#vpn_domains
nftset=/youtube.com.bo/4#inet#fw4#vpn_domains
nftset=/youtube.com.br/4#inet#fw4#vpn_domains
nftset=/youtube.com.by/4#inet#fw4#vpn_domains
nftset=/youtube.com.co/4#inet#fw4#vpn_domains
nftset=/youtube.com.do/4#inet#fw4#vpn_domains
nftset=/youtube.com.ec/4#inet#fw4#vpn_domains
nftset=/youtube.com.ee/4#inet#fw4#vpn_domains
nftset=/youtube.com.eg/4#inet#fw4#vpn_domains
nftset=/youtube.com.es/4#inet#fw4#vpn_domains
nftset=/youtube.com.gh/4#inet#fw4#vpn_domains
nftset=/youtube.com.gr/4#inet#fw4#vpn_domains
nftset=/youtube.com.gt/4#inet#fw4#vpn_domains
nftset=/youtube.com.hk/4#inet#fw4#vpn_domains
nftset=/youtube.com.hn/4#inet#fw4#vpn_domains
nftset=/youtube.com.hr/4#inet#fw4#vpn_domains
nftset=/youtube.com.jm/4#inet#fw4#vpn_domains
nftset=/youtube.com.jo/4#inet#fw4#vpn_domains
nftset=/youtube.com.kw/4#inet#fw4#vpn_domains
nftset=/youtube.com.lb/4#inet#fw4#vpn_domains
nftset=/youtube.com.lv/4#inet#fw4#vpn_domains
nftset=/youtube.com.ly/4#inet#fw4#vpn_domains
nftset=/youtube.com.mk/4#inet#fw4#vpn_domains
nftset=/youtube.com.mt/4#inet#fw4#vpn_domains
nftset=/youtube.com.mx/4#inet#fw4#vpn_domains
nftset=/youtube.com.my/4#inet#fw4#vpn_domains
nftset=/youtube.com.ng/4#inet#fw4#vpn_domains
nftset=/youtube.com.ni/4#inet#fw4#vpn_domains
nftset=/youtube.com.om/4#inet#fw4#vpn_domains
nftset=/youtube.com.pa/4#inet#fw4#vpn_domains
nftset=/youtube.com.pe/4#inet#fw4#vpn_domains
nftset=/youtube.com.ph/4#inet#fw4#vpn_domains
nftset=/youtube.com.pk/4#inet#fw4#vpn_domains
nftset=/youtube.com.pt/4#inet#fw4#vpn_domains
nftset=/youtube.com.py/4#inet#fw4#vpn_domains
nftset=/youtube.com.qa/4#inet#fw4#vpn_domains
nftset=/youtube.com.ro/4#inet#fw4#vpn_domains
nftset=/youtube.com.sa/4#inet#fw4#vpn_domains
nftset=/youtube.com.sg/4#inet#fw4#vpn_domains
nftset=/youtube.com.sv/4#inet#fw4#vpn_domains
nftset=/youtube.com.tn/4#inet#fw4#vpn_domains
nftset=/youtube.com.tr/4#inet#fw4#vpn_domains
nftset=/youtube.com.tw/4#inet#fw4#vpn_domains
nftset=/youtube.com.ua/4#inet#fw4#vpn_domains
nftset=/youtube.com.uy/4#inet#fw4#vpn_domains
nftset=/youtube.com.ve/4#inet#fw4#vpn_domains
nftset=/youtube.cr/4#inet#fw4#vpn_domains
nftset=/youtube.cz/4#inet#fw4#vpn_domains
nftset=/youtube.de/4#inet#fw4#vpn_domains
nftset=/youtube.dk/4#inet#fw4#vpn_domains
nftset=/youtube.ee/4#inet#fw4#vpn_domains
nftset=/youtube.es/4#inet#fw4#vpn_domains
nftset=/youtube.fi/4#inet#fw4#vpn_domains
nftset=/youtube.fr/4#inet#fw4#vpn_domains
nftset=/youtube.ge/4#inet#fw4#vpn_domains
nftset=/youtube.googleapis.com/4#inet#fw4#vpn_domains
nftset=/youtube.gr/4#inet#fw4#vpn_domains
nftset=/youtube.gt/4#inet#fw4#vpn_domains
nftset=/youtube.hk/4#inet#fw4#vpn_domains
nftset=/youtube.hr/4#inet#fw4#vpn_domains
nftset=/youtube.hu/4#inet#fw4#vpn_domains
nftset=/youtube.ie/4#inet#fw4#vpn_domains
nftset=/youtube.in/4#inet#fw4#vpn_domains
nftset=/youtube.iq/4#inet#fw4#vpn_domains
nftset=/youtube.is/4#inet#fw4#vpn_domains
nftset=/youtube.it/4#inet#fw4#vpn_domains
nftset=/youtube.jo/4#inet#fw4#vpn_domains
nftset=/youtube.jp/4#inet#fw4#vpn_domains
nftset=/youtube.kr/4#inet#fw4#vpn_domains
nftset=/youtube.kz/4#inet#fw4#vpn_domains
nftset=/youtube.la/4#inet#fw4#vpn_domains
nftset=/youtube.lk/4#inet#fw4#vpn_domains
nftset=/youtube.lt/4#inet#fw4#vpn_domains
nftset=/youtube.lu/4#inet#fw4#vpn_domains
nftset=/youtube.lv/4#inet#fw4#vpn_domains
nftset=/youtube.ly/4#inet#fw4#vpn_domains
nftset=/youtube.ma/4#inet#fw4#vpn_domains
nftset=/youtube.md/4#inet#fw4#vpn_domains
nftset=/youtube.me/4#inet#fw4#vpn_domains
nftset=/youtube.mk/4#inet#fw4#vpn_domains
nftset=/youtube.mn/4#inet#fw4#vpn_domains
nftset=/youtube.mx/4#inet#fw4#vpn_domains
nftset=/youtube.my/4#inet#fw4#vpn_domains
nftset=/youtube.ng/4#inet#fw4#vpn_domains
nftset=/youtube.ni/4#inet#fw4#vpn_domains
nftset=/youtube.nl/4#inet#fw4#vpn_domains
nftset=/youtube.no/4#inet#fw4#vpn_domains
nftset=/youtube.pa/4#inet#fw4#vpn_domains
nftset=/youtube.pe/4#inet#fw4#vpn_domains
nftset=/youtube.ph/4#inet#fw4#vpn_domains
nftset=/youtube.pk/4#inet#fw4#vpn_domains
nftset=/youtube.pl/4#inet#fw4#vpn_domains
nftset=/youtube.pr/4#inet#fw4#vpn_domains
nftset=/youtube.pt/4#inet#fw4#vpn_domains
nftset=/youtube.qa/4#inet#fw4#vpn_domains
nftset=/youtube.ro/4#inet#fw4#vpn_domains
nftset=/youtube.rs/4#inet#fw4#vpn_domains
nftset=/youtube.ru/4#inet#fw4#vpn_domains
nftset=/youtube.sa/4#inet#fw4#vpn_domains
nftset=/youtube.se/4#inet#fw4#vpn_domains
nftset=/youtube.sg/4#inet#fw4#vpn_domains
nftset=/youtube.si/4#inet#fw4#vpn_domains
nftset=/youtube.sk/4#inet#fw4#vpn_domains
nftset=/youtube.sn/4#inet#fw4#vpn_domains
nftset=/youtube.soy/4#inet#fw4#vpn_domains
nftset=/youtube.sv/4#inet#fw4#vpn_domains
nftset=/youtube.tn/4#inet#fw4#vpn_domains
nftset=/youtube.tv/4#inet#fw4#vpn_domains
nftset=/youtube.ua/4#inet#fw4#vpn_domains
nftset=/youtube.ug/4#inet#fw4#vpn_domains
nftset=/youtube.uy/4#inet#fw4#vpn_domains
nftset=/youtube.vn/4#inet#fw4#vpn_domains
nftset=/youtubeeducation.com/4#inet#fw4#vpn_domains
nftset=/youtubeembeddedplayer.googleapis.com/4#inet#fw4#vpn_domains
nftset=/youtubefanfest.com/4#inet#fw4#vpn_domains
nftset=/youtubegaming.com/4#inet#fw4#vpn_domains
nftset=/youtubego.co.id/4#inet#fw4#vpn_domains
nftset=/youtubego.co.in/4#inet#fw4#vpn_domains
nftset=/youtubego.com/4#inet#fw4#vpn_domains
nftset=/youtubego.com.br/4#inet#fw4#vpn_domains
nftset=/youtubego.id/4#inet#fw4#vpn_domains
nftset=/youtubego.in/4#inet#fw4#vpn_domains
nftset=/youtubei.googleapis.com/4#inet#fw4#vpn_domains
nftset=/youtubekids.com/4#inet#fw4#vpn_domains
nftset=/youtubemobilesupport.com/4#inet#fw4#vpn_domains
nftset=/yt3.ggpht.com/4#inet#fw4#vpn_domains
nftset=/yt3.googleusercontent.com/4#inet#fw4#vpn_domains
nftset=/yt4.ggpht.com/4#inet#fw4#vpn_domains
nftset=/ytimg.com/4#inet#fw4#vpn_domains
nftset=/ytimg.l.google.com/4#inet#fw4#vpn_domains
